** Drc report for Charlieplex84.kicad_pcb **
** Created on 2026-07-19T19:27:03 **
** Report includes: Errors, Warnings, Exclusions **

** Found 215 DRC violations **
[clearance]: Clearance violation ( clearance 0.2000 mm; actual 0.1778 mm)
    Local override; error
    @(22.8600 mm, -5.0800 mm): PTH pad 2 [5V] of J1
    @(24.1300 mm, -12.7000 mm): Track [P5] on B.Cu, length 8.8900 mm
[silk_overlap]: Silkscreen clearance
    Rule: board setup constraints silk; warning
    @(34.2900 mm, -64.7700 mm): PCB text 'User Hackable Charlieplex Matrix' on F.Silkscreen
    @(39.3700 mm, -61.6468 mm): Arc of LED_6_9 on F.Silkscreen
[silk_over_copper]: Silkscreen clipped by solder mask
    Local override; warning
    @(37.4650 mm, -26.9875 mm): Segment of LED_6_1 on F.Silkscreen
    @(38.1000 mm, -26.6700 mm): PTH pad CATHODE [P6] of LED_6_1
[silk_over_copper]: Silkscreen clipped by solder mask
    Local override; warning
    @(41.2750 mm, -31.4325 mm): Segment of LED_6_2 on F.Silkscreen
    @(40.6400 mm, -31.7500 mm): PTH pad ANODE [P2] of LED_6_2
[silk_over_copper]: Silkscreen clipped by solder mask
    Local override; warning
    @(39.3700 mm, -31.1668 mm): Arc of LED_6_2 on F.Silkscreen
    @(40.6400 mm, -31.7500 mm): PTH pad ANODE [P2] of LED_6_2
[silk_over_copper]: Silkscreen clipped by solder mask
    Local override; warning
    @(39.3700 mm, -31.1668 mm): Arc of LED_6_2 on F.Silkscreen
    @(38.1000 mm, -31.7500 mm): PTH pad CATHODE [P6] of LED_6_2
[silk_over_copper]: Silkscreen clipped by solder mask
    Local override; warning
    @(39.3700 mm, -32.3332 mm): Arc of LED_6_2 on F.Silkscreen
    @(40.6400 mm, -31.7500 mm): PTH pad ANODE [P2] of LED_6_2
[silk_over_copper]: Silkscreen clipped by solder mask
    Local override; warning
    @(39.3700 mm, -32.3332 mm): Arc of LED_6_2 on F.Silkscreen
    @(38.1000 mm, -31.7500 mm): PTH pad CATHODE [P6] of LED_6_2
[silk_over_copper]: Silkscreen clipped by solder mask
    Local override; warning
    @(42.5450 mm, -37.1475 mm): Segment of LED_7_3 on F.Silkscreen
    @(43.1800 mm, -36.8300 mm): PTH pad CATHODE [P7] of LED_7_3
[silk_over_copper]: Silkscreen clipped by solder mask
    Local override; warning
    @(44.4500 mm, -37.4132 mm): Arc of LED_7_3 on F.Silkscreen
    @(45.7200 mm, -36.8300 mm): PTH pad ANODE [P3] of LED_7_3
[silk_over_copper]: Silkscreen clipped by solder mask
    Local override; warning
    @(44.4500 mm, -37.4132 mm): Arc of LED_7_3 on F.Silkscreen
    @(43.1800 mm, -36.8300 mm): PTH pad CATHODE [P7] of LED_7_3
[silk_over_copper]: Silkscreen clipped by solder mask
    Local override; warning
    @(46.3550 mm, -36.5125 mm): Segment of LED_7_3 on F.Silkscreen
    @(45.7200 mm, -36.8300 mm): PTH pad ANODE [P3] of LED_7_3
[silk_over_copper]: Silkscreen clipped by solder mask
    Local override; warning
    @(44.4500 mm, -36.2468 mm): Arc of LED_7_3 on F.Silkscreen
    @(45.7200 mm, -36.8300 mm): PTH pad ANODE [P3] of LED_7_3
[silk_over_copper]: Silkscreen clipped by solder mask
    Local override; warning
    @(44.4500 mm, -36.2468 mm): Arc of LED_7_3 on F.Silkscreen
    @(43.1800 mm, -36.8300 mm): PTH pad CATHODE [P7] of LED_7_3
[silk_over_copper]: Silkscreen clipped by solder mask
    Local override; warning
    @(46.3550 mm, -26.3525 mm): Segment of LED_7_1 on F.Silkscreen
    @(45.7200 mm, -26.6700 mm): PTH pad ANODE [P1] of LED_7_1
[silk_over_copper]: Silkscreen clipped by solder mask
    Local override; warning
    @(44.4500 mm, -26.0868 mm): Arc of LED_7_1 on F.Silkscreen
    @(45.7200 mm, -26.6700 mm): PTH pad ANODE [P1] of LED_7_1
[silk_over_copper]: Silkscreen clipped by solder mask
    Local override; warning
    @(44.4500 mm, -26.0868 mm): Arc of LED_7_1 on F.Silkscreen
    @(43.1800 mm, -26.6700 mm): PTH pad CATHODE [P7] of LED_7_1
[silk_over_copper]: Silkscreen clipped by solder mask
    Local override; warning
    @(41.2750 mm, -36.5125 mm): Segment of LED_6_3 on F.Silkscreen
    @(40.6400 mm, -36.8300 mm): PTH pad ANODE [P3] of LED_6_3
[silk_over_copper]: Silkscreen clipped by solder mask
    Local override; warning
    @(39.3700 mm, -36.2468 mm): Arc of LED_6_3 on F.Silkscreen
    @(40.6400 mm, -36.8300 mm): PTH pad ANODE [P3] of LED_6_3
[silk_over_copper]: Silkscreen clipped by solder mask
    Local override; warning
    @(39.3700 mm, -36.2468 mm): Arc of LED_6_3 on F.Silkscreen
    @(38.1000 mm, -36.8300 mm): PTH pad CATHODE [P6] of LED_6_3
[silk_over_copper]: Silkscreen clipped by solder mask
    Local override; warning
    @(39.3700 mm, -37.4132 mm): Arc of LED_6_3 on F.Silkscreen
    @(40.6400 mm, -36.8300 mm): PTH pad ANODE [P3] of LED_6_3
[silk_over_copper]: Silkscreen clipped by solder mask
    Local override; warning
    @(39.3700 mm, -37.4132 mm): Arc of LED_6_3 on F.Silkscreen
    @(38.1000 mm, -36.8300 mm): PTH pad CATHODE [P6] of LED_6_3
[silk_over_copper]: Silkscreen clipped by solder mask
    Local override; warning
    @(47.6250 mm, -32.0675 mm): Segment of LED_8_2 on F.Silkscreen
    @(48.2600 mm, -31.7500 mm): PTH pad CATHODE [P8] of LED_8_2
[silk_over_copper]: Silkscreen clipped by solder mask
    Local override; warning
    @(46.3550 mm, -31.4325 mm): Segment of LED_7_2 on F.Silkscreen
    @(45.7200 mm, -31.7500 mm): PTH pad ANODE [P2] of LED_7_2
[silk_over_copper]: Silkscreen clipped by solder mask
    Local override; warning
    @(42.5450 mm, -32.0675 mm): Segment of LED_7_2 on F.Silkscreen
    @(43.1800 mm, -31.7500 mm): PTH pad CATHODE [P7] of LED_7_2
[silk_over_copper]: Silkscreen clipped by solder mask
    Local override; warning
    @(44.4500 mm, -31.1668 mm): Arc of LED_7_2 on F.Silkscreen
    @(45.7200 mm, -31.7500 mm): PTH pad ANODE [P2] of LED_7_2
[silk_over_copper]: Silkscreen clipped by solder mask
    Local override; warning
    @(44.4500 mm, -31.1668 mm): Arc of LED_7_2 on F.Silkscreen
    @(43.1800 mm, -31.7500 mm): PTH pad CATHODE [P7] of LED_7_2
[silk_over_copper]: Silkscreen clipped by solder mask
    Local override; warning
    @(44.4500 mm, -32.3332 mm): Arc of LED_7_2 on F.Silkscreen
    @(45.7200 mm, -31.7500 mm): PTH pad ANODE [P2] of LED_7_2
[silk_over_copper]: Silkscreen clipped by solder mask
    Local override; warning
    @(44.4500 mm, -32.3332 mm): Arc of LED_7_2 on F.Silkscreen
    @(43.1800 mm, -31.7500 mm): PTH pad CATHODE [P7] of LED_7_2
[silk_over_copper]: Silkscreen clipped by solder mask
    Local override; warning
    @(47.6250 mm, -21.9075 mm): Segment of LED_8_0 on F.Silkscreen
    @(48.2600 mm, -21.5900 mm): PTH pad CATHODE [P8] of LED_8_0
[silk_over_copper]: Silkscreen clipped by solder mask
    Local override; warning
    @(49.5300 mm, -22.1732 mm): Arc of LED_8_0 on F.Silkscreen
    @(50.8000 mm, -21.5900 mm): PTH pad ANODE [P0] of LED_8_0
[silk_over_copper]: Silkscreen clipped by solder mask
    Local override; warning
    @(49.5300 mm, -22.1732 mm): Arc of LED_8_0 on F.Silkscreen
    @(48.2600 mm, -21.5900 mm): PTH pad CATHODE [P8] of LED_8_0
[silk_over_copper]: Silkscreen clipped by solder mask
    Local override; warning
    @(51.4350 mm, -21.2725 mm): Segment of LED_8_0 on F.Silkscreen
    @(50.8000 mm, -21.5900 mm): PTH pad ANODE [P0] of LED_8_0
[silk_over_copper]: Silkscreen clipped by solder mask
    Local override; warning
    @(49.5300 mm, -21.0068 mm): Arc of LED_8_0 on F.Silkscreen
    @(50.8000 mm, -21.5900 mm): PTH pad ANODE [P0] of LED_8_0
[silk_over_copper]: Silkscreen clipped by solder mask
    Local override; warning
    @(49.5300 mm, -21.0068 mm): Arc of LED_8_0 on F.Silkscreen
    @(48.2600 mm, -21.5900 mm): PTH pad CATHODE [P8] of LED_8_0
[silk_over_copper]: Silkscreen clipped by solder mask
    Local override; warning
    @(42.5450 mm, -26.9875 mm): Segment of LED_7_1 on F.Silkscreen
    @(43.1800 mm, -26.6700 mm): PTH pad CATHODE [P7] of LED_7_1
[silk_over_copper]: Silkscreen clipped by solder mask
    Local override; warning
    @(44.4500 mm, -27.2532 mm): Arc of LED_7_1 on F.Silkscreen
    @(45.7200 mm, -26.6700 mm): PTH pad ANODE [P1] of LED_7_1
[silk_over_copper]: Silkscreen clipped by solder mask
    Local override; warning
    @(44.4500 mm, -27.2532 mm): Arc of LED_7_1 on F.Silkscreen
    @(43.1800 mm, -26.6700 mm): PTH pad CATHODE [P7] of LED_7_1
[silk_over_copper]: Silkscreen clipped by solder mask
    Local override; warning
    @(42.5450 mm, -21.9075 mm): Segment of LED_7_0 on F.Silkscreen
    @(43.1800 mm, -21.5900 mm): PTH pad CATHODE [P7] of LED_7_0
[silk_over_copper]: Silkscreen clipped by solder mask
    Local override; warning
    @(46.3550 mm, -21.2725 mm): Segment of LED_7_0 on F.Silkscreen
    @(45.7200 mm, -21.5900 mm): PTH pad ANODE [P0] of LED_7_0
[silk_over_copper]: Silkscreen clipped by solder mask
    Local override; warning
    @(44.4500 mm, -22.1732 mm): Arc of LED_7_0 on F.Silkscreen
    @(45.7200 mm, -21.5900 mm): PTH pad ANODE [P0] of LED_7_0
[silk_over_copper]: Silkscreen clipped by solder mask
    Local override; warning
    @(44.4500 mm, -22.1732 mm): Arc of LED_7_0 on F.Silkscreen
    @(43.1800 mm, -21.5900 mm): PTH pad CATHODE [P7] of LED_7_0
[silk_over_copper]: Silkscreen clipped by solder mask
    Local override; warning
    @(47.6250 mm, -26.9875 mm): Segment of LED_8_1 on F.Silkscreen
    @(48.2600 mm, -26.6700 mm): PTH pad CATHODE [P8] of LED_8_1
[silk_over_copper]: Silkscreen clipped by solder mask
    Local override; warning
    @(51.4350 mm, -26.3525 mm): Segment of LED_8_1 on F.Silkscreen
    @(50.8000 mm, -26.6700 mm): PTH pad ANODE [P1] of LED_8_1
[silk_over_copper]: Silkscreen clipped by solder mask
    Local override; warning
    @(49.5300 mm, -27.2532 mm): Arc of LED_8_1 on F.Silkscreen
    @(50.8000 mm, -26.6700 mm): PTH pad ANODE [P1] of LED_8_1
[silk_over_copper]: Silkscreen clipped by solder mask
    Local override; warning
    @(49.5300 mm, -27.2532 mm): Arc of LED_8_1 on F.Silkscreen
    @(48.2600 mm, -26.6700 mm): PTH pad CATHODE [P8] of LED_8_1
[silk_over_copper]: Silkscreen clipped by solder mask
    Local override; warning
    @(41.2750 mm, -26.3525 mm): Segment of LED_6_1 on F.Silkscreen
    @(40.6400 mm, -26.6700 mm): PTH pad ANODE [P1] of LED_6_1
[silk_over_copper]: Silkscreen clipped by solder mask
    Local override; warning
    @(39.3700 mm, -26.0868 mm): Arc of LED_6_1 on F.Silkscreen
    @(40.6400 mm, -26.6700 mm): PTH pad ANODE [P1] of LED_6_1
[silk_over_copper]: Silkscreen clipped by solder mask
    Local override; warning
    @(39.3700 mm, -26.0868 mm): Arc of LED_6_1 on F.Silkscreen
    @(38.1000 mm, -26.6700 mm): PTH pad CATHODE [P6] of LED_6_1
[silk_over_copper]: Silkscreen clipped by solder mask
    Local override; warning
    @(39.3700 mm, -27.2532 mm): Arc of LED_6_1 on F.Silkscreen
    @(40.6400 mm, -26.6700 mm): PTH pad ANODE [P1] of LED_6_1
[silk_over_copper]: Silkscreen clipped by solder mask
    Local override; warning
    @(39.3700 mm, -27.2532 mm): Arc of LED_6_1 on F.Silkscreen
    @(38.1000 mm, -26.6700 mm): PTH pad CATHODE [P6] of LED_6_1
[silk_over_copper]: Silkscreen clipped by solder mask
    Local override; warning
    @(37.4650 mm, -21.9075 mm): Segment of LED_6_0 on F.Silkscreen
    @(38.1000 mm, -21.5900 mm): PTH pad CATHODE [P6] of LED_6_0
[silk_over_copper]: Silkscreen clipped by solder mask
    Local override; warning
    @(36.1950 mm, -21.2725 mm): Segment of LED_5_0 on F.Silkscreen
    @(35.5600 mm, -21.5900 mm): PTH pad ANODE [P0] of LED_5_0
[silk_over_copper]: Silkscreen clipped by solder mask
    Local override; warning
    @(36.1950 mm, -26.3525 mm): Segment of LED_5_1 on F.Silkscreen
    @(35.5600 mm, -26.6700 mm): PTH pad ANODE [P1] of LED_5_1
[silk_over_copper]: Silkscreen clipped by solder mask
    Local override; warning
    @(39.3700 mm, -21.0068 mm): Arc of LED_6_0 on F.Silkscreen
    @(40.6400 mm, -21.5900 mm): PTH pad ANODE [P0] of LED_6_0
[silk_over_copper]: Silkscreen clipped by solder mask
    Local override; warning
    @(39.3700 mm, -21.0068 mm): Arc of LED_6_0 on F.Silkscreen
    @(38.1000 mm, -21.5900 mm): PTH pad CATHODE [P6] of LED_6_0
[silk_over_copper]: Silkscreen clipped by solder mask
    Local override; warning
    @(41.2750 mm, -21.2725 mm): Segment of LED_6_0 on F.Silkscreen
    @(40.6400 mm, -21.5900 mm): PTH pad ANODE [P0] of LED_6_0
[silk_over_copper]: Silkscreen clipped by solder mask
    Local override; warning
    @(39.3700 mm, -22.1732 mm): Arc of LED_6_0 on F.Silkscreen
    @(40.6400 mm, -21.5900 mm): PTH pad ANODE [P0] of LED_6_0
[silk_over_copper]: Silkscreen clipped by solder mask
    Local override; warning
    @(39.3700 mm, -22.1732 mm): Arc of LED_6_0 on F.Silkscreen
    @(38.1000 mm, -21.5900 mm): PTH pad CATHODE [P6] of LED_6_0
[silk_over_copper]: Silkscreen clipped by solder mask
    Local override; warning
    @(44.4500 mm, -21.0068 mm): Arc of LED_7_0 on F.Silkscreen
    @(45.7200 mm, -21.5900 mm): PTH pad ANODE [P0] of LED_7_0
[silk_over_copper]: Silkscreen clipped by solder mask
    Local override; warning
    @(44.4500 mm, -21.0068 mm): Arc of LED_7_0 on F.Silkscreen
    @(43.1800 mm, -21.5900 mm): PTH pad CATHODE [P7] of LED_7_0
[silk_over_copper]: Silkscreen clipped by solder mask
    Local override; warning
    @(34.2900 mm, -21.0068 mm): Arc of LED_5_0 on F.Silkscreen
    @(35.5600 mm, -21.5900 mm): PTH pad ANODE [P0] of LED_5_0
[silk_over_copper]: Silkscreen clipped by solder mask
    Local override; warning
    @(34.2900 mm, -21.0068 mm): Arc of LED_5_0 on F.Silkscreen
    @(33.0200 mm, -21.5900 mm): PTH pad CATHODE [P5] of LED_5_0
[silk_over_copper]: Silkscreen clipped by solder mask
    Local override; warning
    @(34.2900 mm, -22.1732 mm): Arc of LED_5_0 on F.Silkscreen
    @(35.5600 mm, -21.5900 mm): PTH pad ANODE [P0] of LED_5_0
[silk_over_copper]: Silkscreen clipped by solder mask
    Local override; warning
    @(34.2900 mm, -22.1732 mm): Arc of LED_5_0 on F.Silkscreen
    @(33.0200 mm, -21.5900 mm): PTH pad CATHODE [P5] of LED_5_0
[silk_over_copper]: Silkscreen clipped by solder mask
    Local override; warning
    @(56.5150 mm, -26.3525 mm): Segment of LED_9_1 on F.Silkscreen
    @(55.8800 mm, -26.6700 mm): PTH pad ANODE [P1] of LED_9_1
[silk_over_copper]: Silkscreen clipped by solder mask
    Local override; warning
    @(54.6100 mm, -26.0868 mm): Arc of LED_9_1 on F.Silkscreen
    @(55.8800 mm, -26.6700 mm): PTH pad ANODE [P1] of LED_9_1
[silk_over_copper]: Silkscreen clipped by solder mask
    Local override; warning
    @(54.6100 mm, -26.0868 mm): Arc of LED_9_1 on F.Silkscreen
    @(53.3400 mm, -26.6700 mm): PTH pad CATHODE [P9] of LED_9_1
[silk_over_copper]: Silkscreen clipped by solder mask
    Local override; warning
    @(52.7050 mm, -32.0675 mm): Segment of LED_9_2 on F.Silkscreen
    @(53.3400 mm, -31.7500 mm): PTH pad CATHODE [P9] of LED_9_2
[silk_over_copper]: Silkscreen clipped by solder mask
    Local override; warning
    @(54.6100 mm, -32.3332 mm): Arc of LED_9_2 on F.Silkscreen
    @(55.8800 mm, -31.7500 mm): PTH pad ANODE [P2] of LED_9_2
[silk_over_copper]: Silkscreen clipped by solder mask
    Local override; warning
    @(54.6100 mm, -32.3332 mm): Arc of LED_9_2 on F.Silkscreen
    @(53.3400 mm, -31.7500 mm): PTH pad CATHODE [P9] of LED_9_2
[silk_over_copper]: Silkscreen clipped by solder mask
    Local override; warning
    @(56.5150 mm, -31.4325 mm): Segment of LED_9_2 on F.Silkscreen
    @(55.8800 mm, -31.7500 mm): PTH pad ANODE [P2] of LED_9_2
[silk_over_copper]: Silkscreen clipped by solder mask
    Local override; warning
    @(54.6100 mm, -31.1668 mm): Arc of LED_9_2 on F.Silkscreen
    @(55.8800 mm, -31.7500 mm): PTH pad ANODE [P2] of LED_9_2
[silk_over_copper]: Silkscreen clipped by solder mask
    Local override; warning
    @(54.6100 mm, -31.1668 mm): Arc of LED_9_2 on F.Silkscreen
    @(53.3400 mm, -31.7500 mm): PTH pad CATHODE [P9] of LED_9_2
[silk_over_copper]: Silkscreen clipped by solder mask
    Local override; warning
    @(51.4350 mm, -31.4325 mm): Segment of LED_8_2 on F.Silkscreen
    @(50.8000 mm, -31.7500 mm): PTH pad ANODE [P2] of LED_8_2
[silk_over_copper]: Silkscreen clipped by solder mask
    Local override; warning
    @(49.5300 mm, -32.3332 mm): Arc of LED_8_2 on F.Silkscreen
    @(50.8000 mm, -31.7500 mm): PTH pad ANODE [P2] of LED_8_2
[silk_over_copper]: Silkscreen clipped by solder mask
    Local override; warning
    @(49.5300 mm, -32.3332 mm): Arc of LED_8_2 on F.Silkscreen
    @(48.2600 mm, -31.7500 mm): PTH pad CATHODE [P8] of LED_8_2
[silk_over_copper]: Silkscreen clipped by solder mask
    Local override; warning
    @(49.5300 mm, -26.0868 mm): Arc of LED_8_1 on F.Silkscreen
    @(50.8000 mm, -26.6700 mm): PTH pad ANODE [P1] of LED_8_1
[silk_over_copper]: Silkscreen clipped by solder mask
    Local override; warning
    @(49.5300 mm, -26.0868 mm): Arc of LED_8_1 on F.Silkscreen
    @(48.2600 mm, -26.6700 mm): PTH pad CATHODE [P8] of LED_8_1
[silk_over_copper]: Silkscreen clipped by solder mask
    Local override; warning
    @(49.5300 mm, -31.1668 mm): Arc of LED_8_2 on F.Silkscreen
    @(50.8000 mm, -31.7500 mm): PTH pad ANODE [P2] of LED_8_2
[silk_over_copper]: Silkscreen clipped by solder mask
    Local override; warning
    @(49.5300 mm, -31.1668 mm): Arc of LED_8_2 on F.Silkscreen
    @(48.2600 mm, -31.7500 mm): PTH pad CATHODE [P8] of LED_8_2
[silk_over_copper]: Silkscreen clipped by solder mask
    Local override; warning
    @(51.4350 mm, -36.5125 mm): Segment of LED_8_3 on F.Silkscreen
    @(50.8000 mm, -36.8300 mm): PTH pad ANODE [P3] of LED_8_3
[silk_over_copper]: Silkscreen clipped by solder mask
    Local override; warning
    @(49.5300 mm, -37.4132 mm): Arc of LED_8_3 on F.Silkscreen
    @(50.8000 mm, -36.8300 mm): PTH pad ANODE [P3] of LED_8_3
[silk_over_copper]: Silkscreen clipped by solder mask
    Local override; warning
    @(49.5300 mm, -37.4132 mm): Arc of LED_8_3 on F.Silkscreen
    @(48.2600 mm, -36.8300 mm): PTH pad CATHODE [P8] of LED_8_3
[silk_over_copper]: Silkscreen clipped by solder mask
    Local override; warning
    @(47.6250 mm, -37.1475 mm): Segment of LED_8_3 on F.Silkscreen
    @(48.2600 mm, -36.8300 mm): PTH pad CATHODE [P8] of LED_8_3
[silk_over_copper]: Silkscreen clipped by solder mask
    Local override; warning
    @(49.5300 mm, -36.2468 mm): Arc of LED_8_3 on F.Silkscreen
    @(50.8000 mm, -36.8300 mm): PTH pad ANODE [P3] of LED_8_3
[silk_over_copper]: Silkscreen clipped by solder mask
    Local override; warning
    @(49.5300 mm, -36.2468 mm): Arc of LED_8_3 on F.Silkscreen
    @(48.2600 mm, -36.8300 mm): PTH pad CATHODE [P8] of LED_8_3
[silk_over_copper]: Silkscreen clipped by solder mask
    Local override; warning
    @(57.7850 mm, -32.0675 mm): Segment of LED_10_2 on F.Silkscreen
    @(58.4200 mm, -31.7500 mm): PTH pad CATHODE [P10] of LED_10_2
[silk_over_copper]: Silkscreen clipped by solder mask
    Local override; warning
    @(57.7850 mm, -26.9875 mm): Segment of LED_10_1 on F.Silkscreen
    @(58.4200 mm, -26.6700 mm): PTH pad CATHODE [P10] of LED_10_1
[silk_over_copper]: Silkscreen clipped by solder mask
    Local override; warning
    @(52.7050 mm, -37.1475 mm): Segment of LED_9_3 on F.Silkscreen
    @(53.3400 mm, -36.8300 mm): PTH pad CATHODE [P9] of LED_9_3
[silk_over_copper]: Silkscreen clipped by solder mask
    Local override; warning
    @(54.6100 mm, -37.4132 mm): Arc of LED_9_3 on F.Silkscreen
    @(55.8800 mm, -36.8300 mm): PTH pad ANODE [P3] of LED_9_3
[silk_over_copper]: Silkscreen clipped by solder mask
    Local override; warning
    @(54.6100 mm, -37.4132 mm): Arc of LED_9_3 on F.Silkscreen
    @(53.3400 mm, -36.8300 mm): PTH pad CATHODE [P9] of LED_9_3
[silk_over_copper]: Silkscreen clipped by solder mask
    Local override; warning
    @(56.5150 mm, -36.5125 mm): Segment of LED_9_3 on F.Silkscreen
    @(55.8800 mm, -36.8300 mm): PTH pad ANODE [P3] of LED_9_3
[silk_over_copper]: Silkscreen clipped by solder mask
    Local override; warning
    @(54.6100 mm, -36.2468 mm): Arc of LED_9_3 on F.Silkscreen
    @(55.8800 mm, -36.8300 mm): PTH pad ANODE [P3] of LED_9_3
[silk_over_copper]: Silkscreen clipped by solder mask
    Local override; warning
    @(54.6100 mm, -36.2468 mm): Arc of LED_9_3 on F.Silkscreen
    @(53.3400 mm, -36.8300 mm): PTH pad CATHODE [P9] of LED_9_3
[silk_over_copper]: Silkscreen clipped by solder mask
    Local override; warning
    @(57.7850 mm, -37.1475 mm): Segment of LED_10_3 on F.Silkscreen
    @(58.4200 mm, -36.8300 mm): PTH pad CATHODE [P10] of LED_10_3
[silk_over_copper]: Silkscreen clipped by solder mask
    Local override; warning
    @(59.6900 mm, -37.4132 mm): Arc of LED_10_3 on F.Silkscreen
    @(60.9600 mm, -36.8300 mm): PTH pad ANODE [P3] of LED_10_3
[silk_over_copper]: Silkscreen clipped by solder mask
    Local override; warning
    @(59.6900 mm, -37.4132 mm): Arc of LED_10_3 on F.Silkscreen
    @(58.4200 mm, -36.8300 mm): PTH pad CATHODE [P10] of LED_10_3
[silk_over_copper]: Silkscreen clipped by solder mask
    Local override; warning
    @(61.5950 mm, -31.4325 mm): Segment of LED_10_2 on F.Silkscreen
    @(60.9600 mm, -31.7500 mm): PTH pad ANODE [P2] of LED_10_2
[silk_over_copper]: Silkscreen clipped by solder mask
    Local override; warning
    @(59.6900 mm, -31.1668 mm): Arc of LED_10_2 on F.Silkscreen
    @(60.9600 mm, -31.7500 mm): PTH pad ANODE [P2] of LED_10_2
[silk_over_copper]: Silkscreen clipped by solder mask
    Local override; warning
    @(59.6900 mm, -31.1668 mm): Arc of LED_10_2 on F.Silkscreen
    @(58.4200 mm, -31.7500 mm): PTH pad CATHODE [P10] of LED_10_2
[silk_over_copper]: Silkscreen clipped by solder mask
    Local override; warning
    @(59.6900 mm, -32.3332 mm): Arc of LED_10_2 on F.Silkscreen
    @(60.9600 mm, -31.7500 mm): PTH pad ANODE [P2] of LED_10_2
[silk_over_copper]: Silkscreen clipped by solder mask
    Local override; warning
    @(59.6900 mm, -32.3332 mm): Arc of LED_10_2 on F.Silkscreen
    @(58.4200 mm, -31.7500 mm): PTH pad CATHODE [P10] of LED_10_2
[silk_over_copper]: Silkscreen clipped by solder mask
    Local override; warning
    @(61.5950 mm, -36.5125 mm): Segment of LED_10_3 on F.Silkscreen
    @(60.9600 mm, -36.8300 mm): PTH pad ANODE [P3] of LED_10_3
[silk_over_copper]: Silkscreen clipped by solder mask
    Local override; warning
    @(59.6900 mm, -36.2468 mm): Arc of LED_10_3 on F.Silkscreen
    @(60.9600 mm, -36.8300 mm): PTH pad ANODE [P3] of LED_10_3
[silk_over_copper]: Silkscreen clipped by solder mask
    Local override; warning
    @(59.6900 mm, -36.2468 mm): Arc of LED_10_3 on F.Silkscreen
    @(58.4200 mm, -36.8300 mm): PTH pad CATHODE [P10] of LED_10_3
[silk_over_copper]: Silkscreen clipped by solder mask
    Local override; warning
    @(32.3850 mm, -32.0675 mm): Segment of LED_5_2 on F.Silkscreen
    @(33.0200 mm, -31.7500 mm): PTH pad CATHODE [P5] of LED_5_2
[silk_over_copper]: Silkscreen clipped by solder mask
    Local override; warning
    @(34.2900 mm, -31.1668 mm): Arc of LED_5_2 on F.Silkscreen
    @(35.5600 mm, -31.7500 mm): PTH pad ANODE [P2] of LED_5_2
[silk_over_copper]: Silkscreen clipped by solder mask
    Local override; warning
    @(34.2900 mm, -31.1668 mm): Arc of LED_5_2 on F.Silkscreen
    @(33.0200 mm, -31.7500 mm): PTH pad CATHODE [P5] of LED_5_2
[silk_over_copper]: Silkscreen clipped by solder mask
    Local override; warning
    @(34.2900 mm, -32.3332 mm): Arc of LED_5_2 on F.Silkscreen
    @(35.5600 mm, -31.7500 mm): PTH pad ANODE [P2] of LED_5_2
[silk_over_copper]: Silkscreen clipped by solder mask
    Local override; warning
    @(34.2900 mm, -32.3332 mm): Arc of LED_5_2 on F.Silkscreen
    @(33.0200 mm, -31.7500 mm): PTH pad CATHODE [P5] of LED_5_2
[silk_over_copper]: Silkscreen clipped by solder mask
    Local override; warning
    @(32.3850 mm, -37.1475 mm): Segment of LED_5_3 on F.Silkscreen
    @(33.0200 mm, -36.8300 mm): PTH pad CATHODE [P5] of LED_5_3
[silk_over_copper]: Silkscreen clipped by solder mask
    Local override; warning
    @(34.2900 mm, -36.2468 mm): Arc of LED_5_3 on F.Silkscreen
    @(35.5600 mm, -36.8300 mm): PTH pad ANODE [P3] of LED_5_3
[silk_over_copper]: Silkscreen clipped by solder mask
    Local override; warning
    @(34.2900 mm, -36.2468 mm): Arc of LED_5_3 on F.Silkscreen
    @(33.0200 mm, -36.8300 mm): PTH pad CATHODE [P5] of LED_5_3
[silk_over_copper]: Silkscreen clipped by solder mask
    Local override; warning
    @(34.2900 mm, -37.4132 mm): Arc of LED_5_3 on F.Silkscreen
    @(35.5600 mm, -36.8300 mm): PTH pad ANODE [P3] of LED_5_3
[silk_over_copper]: Silkscreen clipped by solder mask
    Local override; warning
    @(34.2900 mm, -37.4132 mm): Arc of LED_5_3 on F.Silkscreen
    @(33.0200 mm, -36.8300 mm): PTH pad CATHODE [P5] of LED_5_3
[silk_over_copper]: Silkscreen clipped by solder mask
    Local override; warning
    @(36.1950 mm, -31.4325 mm): Segment of LED_5_2 on F.Silkscreen
    @(35.5600 mm, -31.7500 mm): PTH pad ANODE [P2] of LED_5_2
[silk_over_copper]: Silkscreen clipped by solder mask
    Local override; warning
    @(37.4650 mm, -32.0675 mm): Segment of LED_6_2 on F.Silkscreen
    @(38.1000 mm, -31.7500 mm): PTH pad CATHODE [P6] of LED_6_2
[silk_over_copper]: Silkscreen clipped by solder mask
    Local override; warning
    @(36.1950 mm, -36.5125 mm): Segment of LED_5_3 on F.Silkscreen
    @(35.5600 mm, -36.8300 mm): PTH pad ANODE [P3] of LED_5_3
[silk_over_copper]: Silkscreen clipped by solder mask
    Local override; warning
    @(37.4650 mm, -37.1475 mm): Segment of LED_6_3 on F.Silkscreen
    @(38.1000 mm, -36.8300 mm): PTH pad CATHODE [P6] of LED_6_3
[silk_over_copper]: Silkscreen clipped by solder mask
    Local override; warning
    @(52.7050 mm, -26.9875 mm): Segment of LED_9_1 on F.Silkscreen
    @(53.3400 mm, -26.6700 mm): PTH pad CATHODE [P9] of LED_9_1
[silk_over_copper]: Silkscreen clipped by solder mask
    Local override; warning
    @(54.6100 mm, -27.2532 mm): Arc of LED_9_1 on F.Silkscreen
    @(55.8800 mm, -26.6700 mm): PTH pad ANODE [P1] of LED_9_1
[silk_over_copper]: Silkscreen clipped by solder mask
    Local override; warning
    @(54.6100 mm, -27.2532 mm): Arc of LED_9_1 on F.Silkscreen
    @(53.3400 mm, -26.6700 mm): PTH pad CATHODE [P9] of LED_9_1
[silk_over_copper]: Silkscreen clipped by solder mask
    Local override; warning
    @(57.7850 mm, -21.9075 mm): Segment of LED_10_0 on F.Silkscreen
    @(58.4200 mm, -21.5900 mm): PTH pad CATHODE [P10] of LED_10_0
[silk_over_copper]: Silkscreen clipped by solder mask
    Local override; warning
    @(59.6900 mm, -22.1732 mm): Arc of LED_10_0 on F.Silkscreen
    @(60.9600 mm, -21.5900 mm): PTH pad ANODE [P0] of LED_10_0
[silk_over_copper]: Silkscreen clipped by solder mask
    Local override; warning
    @(59.6900 mm, -22.1732 mm): Arc of LED_10_0 on F.Silkscreen
    @(58.4200 mm, -21.5900 mm): PTH pad CATHODE [P10] of LED_10_0
[silk_over_copper]: Silkscreen clipped by solder mask
    Local override; warning
    @(61.5950 mm, -21.2725 mm): Segment of LED_10_0 on F.Silkscreen
    @(60.9600 mm, -21.5900 mm): PTH pad ANODE [P0] of LED_10_0
[silk_over_copper]: Silkscreen clipped by solder mask
    Local override; warning
    @(59.6900 mm, -21.0068 mm): Arc of LED_10_0 on F.Silkscreen
    @(60.9600 mm, -21.5900 mm): PTH pad ANODE [P0] of LED_10_0
[silk_over_copper]: Silkscreen clipped by solder mask
    Local override; warning
    @(59.6900 mm, -21.0068 mm): Arc of LED_10_0 on F.Silkscreen
    @(58.4200 mm, -21.5900 mm): PTH pad CATHODE [P10] of LED_10_0
[silk_over_copper]: Silkscreen clipped by solder mask
    Local override; warning
    @(61.5950 mm, -26.3525 mm): Segment of LED_10_1 on F.Silkscreen
    @(60.9600 mm, -26.6700 mm): PTH pad ANODE [P1] of LED_10_1
[silk_over_copper]: Silkscreen clipped by solder mask
    Local override; warning
    @(59.6900 mm, -26.0868 mm): Arc of LED_10_1 on F.Silkscreen
    @(58.4200 mm, -26.6700 mm): PTH pad CATHODE [P10] of LED_10_1
[silk_over_copper]: Silkscreen clipped by solder mask
    Local override; warning
    @(59.6900 mm, -26.0868 mm): Arc of LED_10_1 on F.Silkscreen
    @(60.9600 mm, -26.6700 mm): PTH pad ANODE [P1] of LED_10_1
[silk_over_copper]: Silkscreen clipped by solder mask
    Local override; warning
    @(59.6900 mm, -27.2532 mm): Arc of LED_10_1 on F.Silkscreen
    @(58.4200 mm, -26.6700 mm): PTH pad CATHODE [P10] of LED_10_1
[silk_over_copper]: Silkscreen clipped by solder mask
    Local override; warning
    @(59.6900 mm, -27.2532 mm): Arc of LED_10_1 on F.Silkscreen
    @(60.9600 mm, -26.6700 mm): PTH pad ANODE [P1] of LED_10_1
[silk_over_copper]: Silkscreen clipped by solder mask
    Local override; warning
    @(52.7050 mm, -21.9075 mm): Segment of LED_9_0 on F.Silkscreen
    @(53.3400 mm, -21.5900 mm): PTH pad CATHODE [P9] of LED_9_0
[silk_over_copper]: Silkscreen clipped by solder mask
    Local override; warning
    @(54.6100 mm, -22.1732 mm): Arc of LED_9_0 on F.Silkscreen
    @(55.8800 mm, -21.5900 mm): PTH pad ANODE [P0] of LED_9_0
[silk_over_copper]: Silkscreen clipped by solder mask
    Local override; warning
    @(54.6100 mm, -22.1732 mm): Arc of LED_9_0 on F.Silkscreen
    @(53.3400 mm, -21.5900 mm): PTH pad CATHODE [P9] of LED_9_0
[silk_over_copper]: Silkscreen clipped by solder mask
    Local override; warning
    @(56.5150 mm, -21.2725 mm): Segment of LED_9_0 on F.Silkscreen
    @(55.8800 mm, -21.5900 mm): PTH pad ANODE [P0] of LED_9_0
[silk_over_copper]: Silkscreen clipped by solder mask
    Local override; warning
    @(54.6100 mm, -21.0068 mm): Arc of LED_9_0 on F.Silkscreen
    @(55.8800 mm, -21.5900 mm): PTH pad ANODE [P0] of LED_9_0
[silk_over_copper]: Silkscreen clipped by solder mask
    Local override; warning
    @(54.6100 mm, -21.0068 mm): Arc of LED_9_0 on F.Silkscreen
    @(53.3400 mm, -21.5900 mm): PTH pad CATHODE [P9] of LED_9_0
[silk_over_copper]: Silkscreen clipped by solder mask
    Local override; warning
    @(19.0500 mm, -26.0868 mm): Arc of LED_2_1 on F.Silkscreen
    @(20.3200 mm, -26.6700 mm): PTH pad ANODE [P1] of LED_2_1
[silk_over_copper]: Silkscreen clipped by solder mask
    Local override; warning
    @(19.0500 mm, -26.0868 mm): Arc of LED_2_1 on F.Silkscreen
    @(17.7800 mm, -26.6700 mm): PTH pad CATHODE [P2] of LED_2_1
[silk_over_copper]: Silkscreen clipped by solder mask
    Local override; warning
    @(19.0500 mm, -27.2532 mm): Arc of LED_2_1 on F.Silkscreen
    @(20.3200 mm, -26.6700 mm): PTH pad ANODE [P1] of LED_2_1
[silk_over_copper]: Silkscreen clipped by solder mask
    Local override; warning
    @(19.0500 mm, -27.2532 mm): Arc of LED_2_1 on F.Silkscreen
    @(17.7800 mm, -26.6700 mm): PTH pad CATHODE [P2] of LED_2_1
[silk_over_copper]: Silkscreen clipped by solder mask
    Local override; warning
    @(24.1300 mm, -26.0868 mm): Arc of LED_3_1 on F.Silkscreen
    @(25.4000 mm, -26.6700 mm): PTH pad ANODE [P1] of LED_3_1
[silk_over_copper]: Silkscreen clipped by solder mask
    Local override; warning
    @(24.1300 mm, -26.0868 mm): Arc of LED_3_1 on F.Silkscreen
    @(22.8600 mm, -26.6700 mm): PTH pad CATHODE [P3] of LED_3_1
[silk_over_copper]: Silkscreen clipped by solder mask
    Local override; warning
    @(24.1300 mm, -27.2532 mm): Arc of LED_3_1 on F.Silkscreen
    @(25.4000 mm, -26.6700 mm): PTH pad ANODE [P1] of LED_3_1
[silk_over_copper]: Silkscreen clipped by solder mask
    Local override; warning
    @(24.1300 mm, -27.2532 mm): Arc of LED_3_1 on F.Silkscreen
    @(22.8600 mm, -26.6700 mm): PTH pad CATHODE [P3] of LED_3_1
[silk_over_copper]: Silkscreen clipped by solder mask
    Local override; warning
    @(27.3050 mm, -26.9875 mm): Segment of LED_4_1 on F.Silkscreen
    @(27.9400 mm, -26.6700 mm): PTH pad CATHODE [P4] of LED_4_1
[silk_over_copper]: Silkscreen clipped by solder mask
    Local override; warning
    @(26.0350 mm, -26.3525 mm): Segment of LED_3_1 on F.Silkscreen
    @(25.4000 mm, -26.6700 mm): PTH pad ANODE [P1] of LED_3_1
[silk_over_copper]: Silkscreen clipped by solder mask
    Local override; warning
    @(20.9550 mm, -26.3525 mm): Segment of LED_2_1 on F.Silkscreen
    @(20.3200 mm, -26.6700 mm): PTH pad ANODE [P1] of LED_2_1
[silk_over_copper]: Silkscreen clipped by solder mask
    Local override; warning
    @(22.2250 mm, -26.9875 mm): Segment of LED_3_1 on F.Silkscreen
    @(22.8600 mm, -26.6700 mm): PTH pad CATHODE [P3] of LED_3_1
[silk_over_copper]: Silkscreen clipped by solder mask
    Local override; warning
    @(22.2250 mm, -21.9075 mm): Segment of LED_3_0 on F.Silkscreen
    @(22.8600 mm, -21.5900 mm): PTH pad CATHODE [P3] of LED_3_0
[silk_over_copper]: Silkscreen clipped by solder mask
    Local override; warning
    @(20.9550 mm, -21.2725 mm): Segment of LED_2_0 on F.Silkscreen
    @(20.3200 mm, -21.5900 mm): PTH pad ANODE [P0] of LED_2_0
[silk_over_copper]: Silkscreen clipped by solder mask
    Local override; warning
    @(24.1300 mm, -21.0068 mm): Arc of LED_3_0 on F.Silkscreen
    @(22.8600 mm, -21.5900 mm): PTH pad CATHODE [P3] of LED_3_0
[silk_over_copper]: Silkscreen clipped by solder mask
    Local override; warning
    @(24.1300 mm, -21.0068 mm): Arc of LED_3_0 on F.Silkscreen
    @(25.4000 mm, -21.5900 mm): PTH pad ANODE [P0] of LED_3_0
[silk_over_copper]: Silkscreen clipped by solder mask
    Local override; warning
    @(24.1300 mm, -22.1732 mm): Arc of LED_3_0 on F.Silkscreen
    @(22.8600 mm, -21.5900 mm): PTH pad CATHODE [P3] of LED_3_0
[silk_over_copper]: Silkscreen clipped by solder mask
    Local override; warning
    @(24.1300 mm, -22.1732 mm): Arc of LED_3_0 on F.Silkscreen
    @(25.4000 mm, -21.5900 mm): PTH pad ANODE [P0] of LED_3_0
[silk_over_copper]: Silkscreen clipped by solder mask
    Local override; warning
    @(17.1450 mm, -21.9075 mm): Segment of LED_2_0 on F.Silkscreen
    @(17.7800 mm, -21.5900 mm): PTH pad CATHODE [P2] of LED_2_0
[silk_over_copper]: Silkscreen clipped by solder mask
    Local override; warning
    @(19.0500 mm, -21.0068 mm): Arc of LED_2_0 on F.Silkscreen
    @(20.3200 mm, -21.5900 mm): PTH pad ANODE [P0] of LED_2_0
[silk_over_copper]: Silkscreen clipped by solder mask
    Local override; warning
    @(19.0500 mm, -21.0068 mm): Arc of LED_2_0 on F.Silkscreen
    @(17.7800 mm, -21.5900 mm): PTH pad CATHODE [P2] of LED_2_0
[silk_over_copper]: Silkscreen clipped by solder mask
    Local override; warning
    @(19.0500 mm, -22.1732 mm): Arc of LED_2_0 on F.Silkscreen
    @(20.3200 mm, -21.5900 mm): PTH pad ANODE [P0] of LED_2_0
[silk_over_copper]: Silkscreen clipped by solder mask
    Local override; warning
    @(19.0500 mm, -22.1732 mm): Arc of LED_2_0 on F.Silkscreen
    @(17.7800 mm, -21.5900 mm): PTH pad CATHODE [P2] of LED_2_0
[silk_over_copper]: Silkscreen clipped by solder mask
    Local override; warning
    @(26.0350 mm, -21.2725 mm): Segment of LED_3_0 on F.Silkscreen
    @(25.4000 mm, -21.5900 mm): PTH pad ANODE [P0] of LED_3_0
[silk_over_copper]: Silkscreen clipped by solder mask
    Local override; warning
    @(32.3850 mm, -21.9075 mm): Segment of LED_5_0 on F.Silkscreen
    @(33.0200 mm, -21.5900 mm): PTH pad CATHODE [P5] of LED_5_0
[silk_over_copper]: Silkscreen clipped by solder mask
    Local override; warning
    @(34.2900 mm, -26.0868 mm): Arc of LED_5_1 on F.Silkscreen
    @(35.5600 mm, -26.6700 mm): PTH pad ANODE [P1] of LED_5_1
[silk_over_copper]: Silkscreen clipped by solder mask
    Local override; warning
    @(34.2900 mm, -26.0868 mm): Arc of LED_5_1 on F.Silkscreen
    @(33.0200 mm, -26.6700 mm): PTH pad CATHODE [P5] of LED_5_1
[silk_over_copper]: Silkscreen clipped by solder mask
    Local override; warning
    @(34.2900 mm, -27.2532 mm): Arc of LED_5_1 on F.Silkscreen
    @(35.5600 mm, -26.6700 mm): PTH pad ANODE [P1] of LED_5_1
[silk_over_copper]: Silkscreen clipped by solder mask
    Local override; warning
    @(34.2900 mm, -27.2532 mm): Arc of LED_5_1 on F.Silkscreen
    @(33.0200 mm, -26.6700 mm): PTH pad CATHODE [P5] of LED_5_1
[silk_over_copper]: Silkscreen clipped by solder mask
    Local override; warning
    @(32.3850 mm, -26.9875 mm): Segment of LED_5_1 on F.Silkscreen
    @(33.0200 mm, -26.6700 mm): PTH pad CATHODE [P5] of LED_5_1
[silk_over_copper]: Silkscreen clipped by solder mask
    Local override; warning
    @(31.1150 mm, -21.2725 mm): Segment of LED_4_0 on F.Silkscreen
    @(30.4800 mm, -21.5900 mm): PTH pad ANODE [P0] of LED_4_0
[silk_over_copper]: Silkscreen clipped by solder mask
    Local override; warning
    @(31.1150 mm, -26.3525 mm): Segment of LED_4_1 on F.Silkscreen
    @(30.4800 mm, -26.6700 mm): PTH pad ANODE [P1] of LED_4_1
[silk_over_copper]: Silkscreen clipped by solder mask
    Local override; warning
    @(29.2100 mm, -21.0068 mm): Arc of LED_4_0 on F.Silkscreen
    @(30.4800 mm, -21.5900 mm): PTH pad ANODE [P0] of LED_4_0
[silk_over_copper]: Silkscreen clipped by solder mask
    Local override; warning
    @(29.2100 mm, -21.0068 mm): Arc of LED_4_0 on F.Silkscreen
    @(27.9400 mm, -21.5900 mm): PTH pad CATHODE [P4] of LED_4_0
[silk_over_copper]: Silkscreen clipped by solder mask
    Local override; warning
    @(29.2100 mm, -22.1732 mm): Arc of LED_4_0 on F.Silkscreen
    @(30.4800 mm, -21.5900 mm): PTH pad ANODE [P0] of LED_4_0
[silk_over_copper]: Silkscreen clipped by solder mask
    Local override; warning
    @(29.2100 mm, -22.1732 mm): Arc of LED_4_0 on F.Silkscreen
    @(27.9400 mm, -21.5900 mm): PTH pad CATHODE [P4] of LED_4_0
[silk_over_copper]: Silkscreen clipped by solder mask
    Local override; warning
    @(27.3050 mm, -21.9075 mm): Segment of LED_4_0 on F.Silkscreen
    @(27.9400 mm, -21.5900 mm): PTH pad CATHODE [P4] of LED_4_0
[silk_over_copper]: Silkscreen clipped by solder mask
    Local override; warning
    @(29.2100 mm, -26.0868 mm): Arc of LED_4_1 on F.Silkscreen
    @(30.4800 mm, -26.6700 mm): PTH pad ANODE [P1] of LED_4_1
[silk_over_copper]: Silkscreen clipped by solder mask
    Local override; warning
    @(29.2100 mm, -26.0868 mm): Arc of LED_4_1 on F.Silkscreen
    @(27.9400 mm, -26.6700 mm): PTH pad CATHODE [P4] of LED_4_1
[silk_over_copper]: Silkscreen clipped by solder mask
    Local override; warning
    @(29.2100 mm, -27.2532 mm): Arc of LED_4_1 on F.Silkscreen
    @(30.4800 mm, -26.6700 mm): PTH pad ANODE [P1] of LED_4_1
[silk_over_copper]: Silkscreen clipped by solder mask
    Local override; warning
    @(29.2100 mm, -27.2532 mm): Arc of LED_4_1 on F.Silkscreen
    @(27.9400 mm, -26.6700 mm): PTH pad CATHODE [P4] of LED_4_1
[silk_over_copper]: Silkscreen clipped by solder mask
    Local override; warning
    @(12.0650 mm, -26.9875 mm): Segment of LED_1_2 on F.Silkscreen
    @(12.7000 mm, -26.6700 mm): PTH pad CATHODE [P1] of LED_1_2
[silk_over_copper]: Silkscreen clipped by solder mask
    Local override; warning
    @(13.9700 mm, -26.0868 mm): Arc of LED_1_2 on F.Silkscreen
    @(15.2400 mm, -26.6700 mm): PTH pad ANODE [P2] of LED_1_2
[silk_over_copper]: Silkscreen clipped by solder mask
    Local override; warning
    @(13.9700 mm, -26.0868 mm): Arc of LED_1_2 on F.Silkscreen
    @(12.7000 mm, -26.6700 mm): PTH pad CATHODE [P1] of LED_1_2
[silk_over_copper]: Silkscreen clipped by solder mask
    Local override; warning
    @(13.9700 mm, -27.2532 mm): Arc of LED_1_2 on F.Silkscreen
    @(15.2400 mm, -26.6700 mm): PTH pad ANODE [P2] of LED_1_2
[silk_over_copper]: Silkscreen clipped by solder mask
    Local override; warning
    @(13.9700 mm, -27.2532 mm): Arc of LED_1_2 on F.Silkscreen
    @(12.7000 mm, -26.6700 mm): PTH pad CATHODE [P1] of LED_1_2
[silk_over_copper]: Silkscreen clipped by solder mask
    Local override; warning
    @(17.1450 mm, -26.9875 mm): Segment of LED_2_1 on F.Silkscreen
    @(17.7800 mm, -26.6700 mm): PTH pad CATHODE [P2] of LED_2_1
[silk_over_copper]: Silkscreen clipped by solder mask
    Local override; warning
    @(15.8750 mm, -26.3525 mm): Segment of LED_1_2 on F.Silkscreen
    @(15.2400 mm, -26.6700 mm): PTH pad ANODE [P2] of LED_1_2
[silk_over_copper]: Silkscreen clipped by solder mask
    Local override; warning
    @(15.8750 mm, -21.2725 mm): Segment of LED_1_0 on F.Silkscreen
    @(15.2400 mm, -21.5900 mm): PTH pad ANODE [P0] of LED_1_0
[silk_over_copper]: Silkscreen clipped by solder mask
    Local override; warning
    @(13.9700 mm, -21.0068 mm): Arc of LED_1_0 on F.Silkscreen
    @(15.2400 mm, -21.5900 mm): PTH pad ANODE [P0] of LED_1_0
[silk_over_copper]: Silkscreen clipped by solder mask
    Local override; warning
    @(13.9700 mm, -21.0068 mm): Arc of LED_1_0 on F.Silkscreen
    @(12.7000 mm, -21.5900 mm): PTH pad CATHODE [P1] of LED_1_0
[silk_over_copper]: Silkscreen clipped by solder mask
    Local override; warning
    @(6.9850 mm, -21.9075 mm): Segment of LED_0_1 on F.Silkscreen
    @(7.6200 mm, -21.5900 mm): PTH pad CATHODE [P0] of LED_0_1
[silk_over_copper]: Silkscreen clipped by solder mask
    Local override; warning
    @(8.8900 mm, -22.1732 mm): Arc of LED_0_1 on F.Silkscreen
    @(10.1600 mm, -21.5900 mm): PTH pad ANODE [P1] of LED_0_1
[silk_over_copper]: Silkscreen clipped by solder mask
    Local override; warning
    @(8.8900 mm, -22.1732 mm): Arc of LED_0_1 on F.Silkscreen
    @(7.6200 mm, -21.5900 mm): PTH pad CATHODE [P0] of LED_0_1
[silk_over_copper]: Silkscreen clipped by solder mask
    Local override; warning
    @(10.7950 mm, -21.2725 mm): Segment of LED_0_1 on F.Silkscreen
    @(10.1600 mm, -21.5900 mm): PTH pad ANODE [P1] of LED_0_1
[silk_over_copper]: Silkscreen clipped by solder mask
    Local override; warning
    @(8.8900 mm, -21.0068 mm): Arc of LED_0_1 on F.Silkscreen
    @(10.1600 mm, -21.5900 mm): PTH pad ANODE [P1] of LED_0_1
[silk_over_copper]: Silkscreen clipped by solder mask
    Local override; warning
    @(8.8900 mm, -21.0068 mm): Arc of LED_0_1 on F.Silkscreen
    @(7.6200 mm, -21.5900 mm): PTH pad CATHODE [P0] of LED_0_1
[silk_over_copper]: Silkscreen clipped by solder mask
    Local override; warning
    @(6.9850 mm, -26.9875 mm): Segment of LED_0_2 on F.Silkscreen
    @(7.6200 mm, -26.6700 mm): PTH pad CATHODE [P0] of LED_0_2
[silk_over_copper]: Silkscreen clipped by solder mask
    Local override; warning
    @(8.8900 mm, -27.2532 mm): Arc of LED_0_2 on F.Silkscreen
    @(10.1600 mm, -26.6700 mm): PTH pad ANODE [P2] of LED_0_2
[silk_over_copper]: Silkscreen clipped by solder mask
    Local override; warning
    @(8.8900 mm, -27.2532 mm): Arc of LED_0_2 on F.Silkscreen
    @(7.6200 mm, -26.6700 mm): PTH pad CATHODE [P0] of LED_0_2
[silk_over_copper]: Silkscreen clipped by solder mask
    Local override; warning
    @(10.7950 mm, -26.3525 mm): Segment of LED_0_2 on F.Silkscreen
    @(10.1600 mm, -26.6700 mm): PTH pad ANODE [P2] of LED_0_2
[text_thickness]: Text thickness out of range (board setup constraints silk text thickness min thickness 0.0800 mm; actual 0.0488 mm)
    Rule: board setup constraints silk text thickness; warning
    @(22.8600 mm, -6.6675 mm): Footprint text of J1 (+V)
[text_height]: Text height out of range (board setup constraints silk text height min height 0.8000 mm; actual 0.5608 mm)
    Rule: board setup constraints silk text height; warning
    @(22.8600 mm, -6.6675 mm): Footprint text of J1 (+V)
[text_thickness]: Text thickness out of range (board setup constraints silk text thickness min thickness 0.0800 mm; actual 0.0488 mm)
    Rule: board setup constraints silk text thickness; warning
    @(22.8600 mm, -0.9525 mm): Footprint text of J1 (MISO)
[text_height]: Text height out of range (board setup constraints silk text height min height 0.8000 mm; actual 0.5608 mm)
    Rule: board setup constraints silk text height; warning
    @(22.8600 mm, -0.9525 mm): Footprint text of J1 (MISO)
[text_thickness]: Text thickness out of range (board setup constraints silk text thickness min thickness 0.0800 mm; actual 0.0488 mm)
    Rule: board setup constraints silk text thickness; warning
    @(25.4000 mm, -6.6675 mm): Footprint text of J1 (MOSI)
[text_height]: Text height out of range (board setup constraints silk text height min height 0.8000 mm; actual 0.5608 mm)
    Rule: board setup constraints silk text height; warning
    @(25.4000 mm, -6.6675 mm): Footprint text of J1 (MOSI)
[text_thickness]: Text thickness out of range (board setup constraints silk text thickness min thickness 0.0800 mm; actual 0.0488 mm)
    Rule: board setup constraints silk text thickness; warning
    @(25.4000 mm, -0.9525 mm): Footprint text of J1 (SCK)
[text_height]: Text height out of range (board setup constraints silk text height min height 0.8000 mm; actual 0.5608 mm)
    Rule: board setup constraints silk text height; warning
    @(25.4000 mm, -0.9525 mm): Footprint text of J1 (SCK)
[text_thickness]: Text thickness out of range (board setup constraints silk text thickness min thickness 0.0800 mm; actual 0.0488 mm)
    Rule: board setup constraints silk text thickness; warning
    @(27.9400 mm, -6.6675 mm): Footprint text of J1 (GND)
[text_height]: Text height out of range (board setup constraints silk text height min height 0.8000 mm; actual 0.5608 mm)
    Rule: board setup constraints silk text height; warning
    @(27.9400 mm, -6.6675 mm): Footprint text of J1 (GND)
[text_thickness]: Text thickness out of range (board setup constraints silk text thickness min thickness 0.0800 mm; actual 0.0488 mm)
    Rule: board setup constraints silk text thickness; warning
    @(27.9400 mm, -0.9525 mm): Footprint text of J1 (RST)
[text_height]: Text height out of range (board setup constraints silk text height min height 0.8000 mm; actual 0.5608 mm)
    Rule: board setup constraints silk text height; warning
    @(27.9400 mm, -0.9525 mm): Footprint text of J1 (RST)
[silk_edge_clearance]: Silkscreen clipped by board edge
    Rule: board setup constraints silk; warning
    @(5.0800 mm, 0.0000 mm): Segment on Edge.Cuts
    @(34.2900 mm, 0.0000 mm): Segment of U$2 on B.Silkscreen
[silk_edge_clearance]: Silkscreen clipped by board edge
    Rule: board setup constraints silk; warning
    @(5.0800 mm, 0.0000 mm): Segment on Edge.Cuts
    @(54.6100 mm, -5.0800 mm): Segment of U$2 on B.Silkscreen

** Found 0 unconnected pads **

** Found 0 Footprint errors **

** Ignored checks **
    - Footprint has no courtyard defined
    - Track endpoint not centered on via
    - Tuning profile track geometries
    - Footprint doesn't match symbol's footprint filters
    - Footprint component type doesn't match footprint pads

** End of Report **
